// Jest Snapshot v1, https://goo.gl/fbAQLP

exports[`renders login header - no user 1`] = `
<div
  className="login-header undefined"
>
  <img
    alt="data world logo"
    className="dw-logo"
    src="dw-logo.png"
  />
</div>
`;

exports[`renders login header - with user 1`] = `
<div
  className="login-header undefined"
>
  <img
    alt="data world logo"
    className="dw-logo"
    src="dw-logo.png"
  />
  <div
    className="dropdown btn-group btn-group-sm"
  >
    <button
      aria-expanded={false}
      aria-haspopup={true}
      className="dropdown-toggle btn btn-sm btn-default"
      disabled={false}
      id="dropdown-user"
      onClick={[Function]}
      onKeyDown={[Function]}
      role="button"
      type="button"
    >
      @test
       
      <span
        className="caret"
      />
    </button>
    <ul
      aria-labelledby="dropdown-user"
      className="dropdown-menu dropdown-menu-right"
      role="menu"
    >
      <li
        className=""
        role="presentation"
        style={undefined}
      >
        <a
          href="#"
          onClick={[Function]}
          onKeyDown={[Function]}
          role="menuitem"
          tabIndex="-1"
        >
          Sign out
        </a>
      </li>
    </ul>
  </div>
</div>
`;
