// Jest Snapshot v1, https://goo.gl/fbAQLP

exports[`renders upload insight view 1`] = `
<div
  className="upload-row row"
>
  <div
    className="insight-upload"
  >
    <img
      alt="chart"
      className="insight-selected"
      src="data:image/png;base64, b64ImageString"
    />
    <div
      className="form-group"
    >
      <label
        className="insight-label control-label"
        htmlFor={undefined}
      >
        Project
      </label>
      <div
        className="dropdown btn-group"
      >
        <button
          aria-expanded={false}
          aria-haspopup={true}
          className="projects dropdown-toggle btn btn-default"
          disabled={false}
          id="projects-dropdown"
          onClick={[Function]}
          onKeyDown={[Function]}
          role="button"
          type="button"
        >
          firstOwner/first title
           
          <span
            className="caret"
          />
        </button>
        <ul
          aria-labelledby="projects-dropdown"
          className="dropdown-menu"
          role="menu"
        >
          <li
            className=""
            role="presentation"
            style={undefined}
          >
            <a
              href="#"
              onClick={[Function]}
              onKeyDown={[Function]}
              role="menuitem"
              tabIndex="-1"
            >
              firstOwner/first title
            </a>
          </li>
          <li
            className=""
            role="presentation"
            style={undefined}
          >
            <a
              href="#"
              onClick={[Function]}
              onKeyDown={[Function]}
              role="menuitem"
              tabIndex="-1"
            >
              firstOwner/second title
            </a>
          </li>
          <li
            className=""
            role="presentation"
            style={undefined}
          >
            <a
              href="#"
              onClick={[Function]}
              onKeyDown={[Function]}
              role="menuitem"
              tabIndex="-1"
            >
              secondOwner/third title
            </a>
          </li>
          <li
            className=""
            role="presentation"
            style={undefined}
          >
            <a
              href="#"
              onClick={[Function]}
              onKeyDown={[Function]}
              role="menuitem"
              tabIndex="-1"
            >
              secondOwner/forth title
            </a>
          </li>
        </ul>
      </div>
    </div>
    <div
      className="form-group"
    >
      <label
        className="insight-label control-label"
        htmlFor={undefined}
      >
        Title 
        <span
          className="insight-info"
        >
          Max. 60
        </span>
      </label>
      <span
        className="input-group"
      >
        <input
          className="form-control"
          id={undefined}
          name="title"
          onChange={[Function]}
          type="text"
          value=""
        />
      </span>
    </div>
    <div
      className="form-group"
    >
      <label
        className="insight-label control-label"
        htmlFor={undefined}
      >
        Add Comment 
        <span
          className="insight-info"
        >
          Optional
        </span>
      </label>
      <span
        className="input-group"
      >
        <textarea
          className="form-control"
          id={undefined}
          name="description"
          onChange={[Function]}
          type="textarea"
          value=""
        />
      </span>
    </div>
    <div
      className="insight-upload-buttons"
    >
      <button
        className="insight-upload-button btn btn-default"
        disabled={false}
        onClick={[Function]}
        type="button"
      >
        Cancel
      </button>
      <button
        className="insight-upload-button btn btn-primary"
        disabled={true}
        onClick={[Function]}
        type="button"
      >
        OK
      </button>
    </div>
  </div>
</div>
`;
